22:28:08 [vite] (client) Pre-transform error: Failed to resolve import "./glitch-background.css" from "src/main.jsx". Does the file exist?
  Plugin: vite:import-analysis
  File: E:/GPT/安宝简历/portfolio/src/main.jsx:10:7
  8  |  import TechText from "./TechText";
  9  |  import LetterGlitch from "./LetterGlitch";
  10 |  import "./glitch-background.css";
     |          ^
  11 |  const projects = [
  12 |    { id: "01", name: "复杂系统，清晰秩序。", en: "CENTRAL MANAGEMENT", type: "中央管理与决策支持", image: "/assets/central-cover.jpg", ta...
22:28:08 [vite] (client) Pre-transform error: Failed to resolve import "./glitch-background.css" from "src/main.jsx". Does the file exist?
  Plugin: vite:import-analysis
  File: E:/GPT/安宝简历/portfolio/src/main.jsx:10:7
  8  |  import TechText from "./TechText";
  9  |  import LetterGlitch from "./LetterGlitch";
  10 |  import "./glitch-background.css";
     |          ^
  11 |  const projects = [
  12 |    { id: "01", name: "复杂系统，清晰秩序。", en: "CENTRAL MANAGEMENT", type: "中央管理与决策支持", image: "/assets/central-cover.jpg", ta...
22:28:08 [vite] Internal server error: Failed to resolve import "./glitch-background.css" from "src/main.jsx". Does the file exist?
  Plugin: vite:import-analysis
  File: E:/GPT/安宝简历/portfolio/src/main.jsx:10:7
  8  |  import TechText from "./TechText";
  9  |  import LetterGlitch from "./LetterGlitch";
  10 |  import "./glitch-background.css";
     |          ^
  11 |  const projects = [
  12 |    { id: "01", name: "复杂系统，清晰秩序。", en: "CENTRAL MANAGEMENT", type: "中央管理与决策支持", image: "/assets/central-cover.jpg", ta...
      at TransformPluginContext._formatLog (file:///E:/GPT/%E5%AE%89%E5%AE%9D%E7%AE%80%E5%8E%86/portfolio/node_modules/.pnpm/vite@7.3.6/node_modules/vite/dist/node/chunks/config.js:29079:43)
      at TransformPluginContext.error (file:///E:/GPT/%E5%AE%89%E5%AE%9D%E7%AE%80%E5%8E%86/portfolio/node_modules/.pnpm/vite@7.3.6/node_modules/vite/dist/node/chunks/config.js:29076:14)
      at normalizeUrl (file:///E:/GPT/%E5%AE%89%E5%AE%9D%E7%AE%80%E5%8E%86/portfolio/node_modules/.pnpm/vite@7.3.6/node_modules/vite/dist/node/chunks/config.js:27199:18)
      at process.processTicksAndRejections (node:internal/process/task_queues:104:5)
      at async file:///E:/GPT/%E5%AE%89%E5%AE%9D%E7%AE%80%E5%8E%86/portfolio/node_modules/.pnpm/vite@7.3.6/node_modules/vite/dist/node/chunks/config.js:27257:32
      at async Promise.all (index 9)
      at async TransformPluginContext.transform (file:///E:/GPT/%E5%AE%89%E5%AE%9D%E7%AE%80%E5%8E%86/portfolio/node_modules/.pnpm/vite@7.3.6/node_modules/vite/dist/node/chunks/config.js:27225:4)
      at async EnvironmentPluginContainer.transform (file:///E:/GPT/%E5%AE%89%E5%AE%9D%E7%AE%80%E5%8E%86/portfolio/node_modules/.pnpm/vite@7.3.6/node_modules/vite/dist/node/chunks/config.js:28877:14)
      at async loadAndTransform (file:///E:/GPT/%E5%AE%89%E5%AE%9D%E7%AE%80%E5%8E%86/portfolio/node_modules/.pnpm/vite@7.3.6/node_modules/vite/dist/node/chunks/config.js:22746:26)
22:28:08 [vite] Internal server error: Failed to resolve import "./glitch-background.css" from "src/main.jsx". Does the file exist?
  Plugin: vite:import-analysis
  File: E:/GPT/安宝简历/portfolio/src/main.jsx:10:7
  8  |  import TechText from "./TechText";
  9  |  import LetterGlitch from "./LetterGlitch";
  10 |  import "./glitch-background.css";
     |          ^
  11 |  const projects = [
  12 |    { id: "01", name: "复杂系统，清晰秩序。", en: "CENTRAL MANAGEMENT", type: "中央管理与决策支持", image: "/assets/central-cover.jpg", ta...
      at TransformPluginContext._formatLog (file:///E:/GPT/%E5%AE%89%E5%AE%9D%E7%AE%80%E5%8E%86/portfolio/node_modules/.pnpm/vite@7.3.6/node_modules/vite/dist/node/chunks/config.js:29079:43)
      at TransformPluginContext.error (file:///E:/GPT/%E5%AE%89%E5%AE%9D%E7%AE%80%E5%8E%86/portfolio/node_modules/.pnpm/vite@7.3.6/node_modules/vite/dist/node/chunks/config.js:29076:14)
      at normalizeUrl (file:///E:/GPT/%E5%AE%89%E5%AE%9D%E7%AE%80%E5%8E%86/portfolio/node_modules/.pnpm/vite@7.3.6/node_modules/vite/dist/node/chunks/config.js:27199:18)
      at process.processTicksAndRejections (node:internal/process/task_queues:104:5)
      at async file:///E:/GPT/%E5%AE%89%E5%AE%9D%E7%AE%80%E5%8E%86/portfolio/node_modules/.pnpm/vite@7.3.6/node_modules/vite/dist/node/chunks/config.js:27257:32
      at async Promise.all (index 9)
      at async TransformPluginContext.transform (file:///E:/GPT/%E5%AE%89%E5%AE%9D%E7%AE%80%E5%8E%86/portfolio/node_modules/.pnpm/vite@7.3.6/node_modules/vite/dist/node/chunks/config.js:27225:4)
      at async EnvironmentPluginContainer.transform (file:///E:/GPT/%E5%AE%89%E5%AE%9D%E7%AE%80%E5%8E%86/portfolio/node_modules/.pnpm/vite@7.3.6/node_modules/vite/dist/node/chunks/config.js:28877:14)
      at async loadAndTransform (file:///E:/GPT/%E5%AE%89%E5%AE%9D%E7%AE%80%E5%8E%86/portfolio/node_modules/.pnpm/vite@7.3.6/node_modules/vite/dist/node/chunks/config.js:22746:26)
22:43:36 [vite] (client) Pre-transform error: Failed to resolve import "./card-glow.css" from "src/main.jsx". Does the file exist?
  Plugin: vite:import-analysis
  File: E:/GPT/安宝简历/portfolio/src/main.jsx:10:7
  8  |  import TechText from "./TechText";
  9  |  import BorderGlow from "./BorderGlow";
  10 |  import "./card-glow.css";
     |          ^
  11 |  import LetterGlitch from "./LetterGlitch";
  12 |  import "./glitch-background.css";
22:43:36 [vite] (client) Pre-transform error: Failed to resolve import "./card-glow.css" from "src/main.jsx". Does the file exist?
  Plugin: vite:import-analysis
  File: E:/GPT/安宝简历/portfolio/src/main.jsx:10:7
  8  |  import TechText from "./TechText";
  9  |  import BorderGlow from "./BorderGlow";
  10 |  import "./card-glow.css";
     |          ^
  11 |  import LetterGlitch from "./LetterGlitch";
  12 |  import "./glitch-background.css";
22:43:36 [vite] Internal server error: Failed to resolve import "./card-glow.css" from "src/main.jsx". Does the file exist?
  Plugin: vite:import-analysis
  File: E:/GPT/安宝简历/portfolio/src/main.jsx:10:7
  8  |  import TechText from "./TechText";
  9  |  import BorderGlow from "./BorderGlow";
  10 |  import "./card-glow.css";
     |          ^
  11 |  import LetterGlitch from "./LetterGlitch";
  12 |  import "./glitch-background.css";
      at TransformPluginContext._formatLog (file:///E:/GPT/%E5%AE%89%E5%AE%9D%E7%AE%80%E5%8E%86/portfolio/node_modules/.pnpm/vite@7.3.6/node_modules/vite/dist/node/chunks/config.js:29079:43)
      at TransformPluginContext.error (file:///E:/GPT/%E5%AE%89%E5%AE%9D%E7%AE%80%E5%8E%86/portfolio/node_modules/.pnpm/vite@7.3.6/node_modules/vite/dist/node/chunks/config.js:29076:14)
      at normalizeUrl (file:///E:/GPT/%E5%AE%89%E5%AE%9D%E7%AE%80%E5%8E%86/portfolio/node_modules/.pnpm/vite@7.3.6/node_modules/vite/dist/node/chunks/config.js:27199:18)
      at process.processTicksAndRejections (node:internal/process/task_queues:104:5)
      at async file:///E:/GPT/%E5%AE%89%E5%AE%9D%E7%AE%80%E5%8E%86/portfolio/node_modules/.pnpm/vite@7.3.6/node_modules/vite/dist/node/chunks/config.js:27257:32
      at async Promise.all (index 9)
      at async TransformPluginContext.transform (file:///E:/GPT/%E5%AE%89%E5%AE%9D%E7%AE%80%E5%8E%86/portfolio/node_modules/.pnpm/vite@7.3.6/node_modules/vite/dist/node/chunks/config.js:27225:4)
      at async EnvironmentPluginContainer.transform (file:///E:/GPT/%E5%AE%89%E5%AE%9D%E7%AE%80%E5%8E%86/portfolio/node_modules/.pnpm/vite@7.3.6/node_modules/vite/dist/node/chunks/config.js:28877:14)
      at async loadAndTransform (file:///E:/GPT/%E5%AE%89%E5%AE%9D%E7%AE%80%E5%8E%86/portfolio/node_modules/.pnpm/vite@7.3.6/node_modules/vite/dist/node/chunks/config.js:22746:26)
22:43:36 [vite] Internal server error: Failed to resolve import "./card-glow.css" from "src/main.jsx". Does the file exist?
  Plugin: vite:import-analysis
  File: E:/GPT/安宝简历/portfolio/src/main.jsx:10:7
  8  |  import TechText from "./TechText";
  9  |  import BorderGlow from "./BorderGlow";
  10 |  import "./card-glow.css";
     |          ^
  11 |  import LetterGlitch from "./LetterGlitch";
  12 |  import "./glitch-background.css";
      at TransformPluginContext._formatLog (file:///E:/GPT/%E5%AE%89%E5%AE%9D%E7%AE%80%E5%8E%86/portfolio/node_modules/.pnpm/vite@7.3.6/node_modules/vite/dist/node/chunks/config.js:29079:43)
      at TransformPluginContext.error (file:///E:/GPT/%E5%AE%89%E5%AE%9D%E7%AE%80%E5%8E%86/portfolio/node_modules/.pnpm/vite@7.3.6/node_modules/vite/dist/node/chunks/config.js:29076:14)
      at normalizeUrl (file:///E:/GPT/%E5%AE%89%E5%AE%9D%E7%AE%80%E5%8E%86/portfolio/node_modules/.pnpm/vite@7.3.6/node_modules/vite/dist/node/chunks/config.js:27199:18)
      at process.processTicksAndRejections (node:internal/process/task_queues:104:5)
      at async file:///E:/GPT/%E5%AE%89%E5%AE%9D%E7%AE%80%E5%8E%86/portfolio/node_modules/.pnpm/vite@7.3.6/node_modules/vite/dist/node/chunks/config.js:27257:32
      at async Promise.all (index 9)
      at async TransformPluginContext.transform (file:///E:/GPT/%E5%AE%89%E5%AE%9D%E7%AE%80%E5%8E%86/portfolio/node_modules/.pnpm/vite@7.3.6/node_modules/vite/dist/node/chunks/config.js:27225:4)
      at async EnvironmentPluginContainer.transform (file:///E:/GPT/%E5%AE%89%E5%AE%9D%E7%AE%80%E5%8E%86/portfolio/node_modules/.pnpm/vite@7.3.6/node_modules/vite/dist/node/chunks/config.js:28877:14)
      at async loadAndTransform (file:///E:/GPT/%E5%AE%89%E5%AE%9D%E7%AE%80%E5%8E%86/portfolio/node_modules/.pnpm/vite@7.3.6/node_modules/vite/dist/node/chunks/config.js:22746:26)
